============================= test session starts ==============================
platform linux -- Python 3.12.12, pytest-9.0.2, pluggy-1.6.0
rootdir: /app
configfile: pyproject.toml
plugins: asyncio-1.3.0, anyio-4.12.1
asyncio: mode=Mode.STRICT, debug=False, asyncio_default_fixture_loop_scope=None, asyncio_default_test_loop_scope=function
collected 25 items

mekhane/tests/test_guardian_integration.py .........................     [100%]

============================= 25 passed in 12.31s ==============================
